<html>
<body>
<pre>
<h1>µVision Build Log</h1>
<h2>Tool Versions:</h2>
IDE-Version: µVision V5.35.0.0
Copyright (C) 2021 ARM Ltd and ARM Germany GmbH. All rights reserved.
License Information: Daniel Sierra, ECCI, LIC=----
 
Tool Versions:
Toolchain:       MDK-Lite  Version: 5.35.0.2
Toolchain Path:  C:\Keil_v5\ARM\ARMCLANG\Bin
C Compiler:      ArmClang.exe V6.16
Assembler:       Armasm.exe V6.16
Linker/Locator:  ArmLink.exe V6.16
Library Manager: ArmAr.exe V6.16
Hex Converter:   FromElf.exe V6.16
CPU DLL:         SARMCM3.DLL V5.35.0.2
Dialog DLL:      DCM.DLL V1.17.3.0
Target DLL:      STLink\ST-LINKIII-KEIL_SWO.dll V3.0.9.0
Dialog DLL:      TCM.DLL V1.53.0.0
 
<h2>Project:</h2>
C:\Users\EDGAR SIERRA\Documents\Keil\REPOSITORIO\Stm32f7_Systick_Interuption\Activity 3.uvprojx
Project File Date:  09/26/2021

<h2>Output:</h2>
*** Using Compiler 'V6.16', folder: 'C:\Keil_v5\ARM\ARMCLANG\Bin'
Rebuild target 'Target 1'
assembling startup_stm32f746xx.s...
compiling system_stm32f7xx.c...
compiling main.cpp...
linking...
Program Size: Code=2064 RO-data=504 RW-data=72 ZI-data=1944  
FromELF: creating hex file...
".\Objects\Activity 3.axf" - 0 Error(s), 0 Warning(s).

<h2>Software Packages used:</h2>

Package Vendor: ARM
                http://www.keil.com/pack/ARM.CMSIS.5.8.0.pack
                ARM.CMSIS.5.8.0
                CMSIS (Common Microcontroller Software Interface Standard)
   * Component: CORE Version: 5.5.0

Package Vendor: Keil
                http://www.keil.com/pack/Keil.STM32F7xx_DFP.2.14.0.pack
                Keil.STM32F7xx_DFP.2.14.0
                STMicroelectronics STM32F7 Series Device Support, Drivers and Examples
   * Component: Startup Version: 1.2.5

<h2>Collection of Component include folders:</h2>
  .\RTE\_Target_1
  C:\Users\EDGAR SIERRA\AppData\Local\Arm\Packs\ARM\CMSIS\5.8.0\CMSIS\Core\Include
  C:\Users\EDGAR SIERRA\AppData\Local\Arm\Packs\Keil\STM32F7xx_DFP\2.14.0\Drivers\CMSIS\Device\ST\STM32F7xx\Include

<h2>Collection of Component Files used:</h2>

   * Component: ARM::CMSIS:CORE:5.5.0

   * Component: Keil::Device:Startup:1.2.5
      Source file:   MDK\Device\Source\ARM\STM32F74x_75x_OPT.s
      Include file:  Drivers\CMSIS\Device\ST\STM32F7xx\Include\stm32f7xx.h
      Source file:   MDK\Device\Source\ARM\STM32F74x_75x_OTP.s
      Source file:   Drivers\CMSIS\Device\ST\STM32F7xx\Source\Templates\arm\startup_stm32f746xx.s
      Source file:   Drivers\CMSIS\Device\ST\STM32F7xx\Source\Templates\system_stm32f7xx.c
Build Time Elapsed:  00:00:01
</pre>
</body>
</html>
